\BOOKMARK [0][]{section*.2}{\376\377\000S\000p\000i\000s\000\040\000r\000y\000s\000u\000n\000k\000\363\000w}{}% 1
\BOOKMARK [0][]{section*.3}{\376\377\000S\000p\000i\000s\000\040\000t\000a\000b\000e\000l}{}% 2
\BOOKMARK [0][]{section*.5}{\376\377\000S\000p\000i\000s\000\040\000l\000i\000s\000t\000i\000n\000g\000\363\000w}{}% 3
\BOOKMARK [0][]{chapter*.6}{\376\377\000W\000y\000k\000a\000z\000\040\000s\000k\000r\000\363\000t\000\363\000w}{}% 4
\BOOKMARK [0][]{chapter.1}{\376\377\0001\000\040\000W\000s\000t\001\031\000p}{}% 5
\BOOKMARK [1][]{section.1.1}{\376\377\0001\000.\0001\000\040\000M\000o\000t\000y\000w\000a\000c\000j\000a}{chapter.1}% 6
\BOOKMARK [1][]{section.1.2}{\376\377\0001\000.\0002\000\040\000C\000e\000l\000\040\000i\000\040\000z\000a\000k\000r\000e\000s\000\040\000p\000r\000a\000c\000y}{chapter.1}% 7
\BOOKMARK [1][]{section.1.3}{\376\377\0001\000.\0003\000\040\000P\000y\000t\000a\000n\000i\000a\000\040\000b\000a\000d\000a\000w\000c\000z\000e\000\040\000i\000\040\000h\000i\000p\000o\000t\000e\000z\000y}{chapter.1}% 8
\BOOKMARK [1][]{section.1.4}{\376\377\0001\000.\0004\000\040\000M\000e\000t\000o\000d\000y\000\040\000i\000\040\000p\000o\000d\000e\000j\001\133\000c\000i\000e}{chapter.1}% 9
\BOOKMARK [1][]{section.1.5}{\376\377\0001\000.\0005\000\040\000S\000t\000r\000u\000k\000t\000u\000r\000a\000\040\000p\000r\000a\000c\000y}{chapter.1}% 10
\BOOKMARK [0][]{chapter.2}{\376\377\0002\000\040\000P\000r\000z\000e\000g\000l\001\005\000d\000\040\000l\000i\000t\000e\000r\000a\000t\000u\000r\000y\000\040\000i\000\040\000t\000e\000c\000h\000n\000o\000l\000o\000g\000i\000i}{}% 11
\BOOKMARK [1][]{section.2.1}{\376\377\0002\000.\0001\000\040\000A\000r\000c\000h\000i\000t\000e\000k\000t\000u\000r\000a\000\040\000s\000y\000s\000t\000e\000m\000u\000\040\000A\000n\000d\000r\000o\000i\000d}{chapter.2}% 12
\BOOKMARK [1][]{section.2.2}{\376\377\0002\000.\0002\000\040\000M\000o\000d\000e\000l\000\040\000b\000e\000z\000p\000i\000e\000c\000z\000e\001\104\000s\000t\000w\000a}{chapter.2}% 13
\BOOKMARK [1][]{section.2.3}{\376\377\0002\000.\0003\000\040\000P\000r\000o\000t\000o\000k\000o\001\102\000y}{chapter.2}% 14
\BOOKMARK [1][]{section.2.4}{\376\377\0002\000.\0004\000\040\000T\000e\000c\000h\000n\000i\000k\000i\000\040\000a\000n\000a\000l\000i\000z\000y\000\040\000r\000u\000c\000h\000u}{chapter.2}% 15
\BOOKMARK [1][]{section.2.5}{\376\377\0002\000.\0005\000\040\000P\000r\000y\000w\000a\000t\000n\000o\001\133\001\007\000\040\000i\000\040\000t\000r\000a\000c\000k\000i\000n\000g}{chapter.2}% 16
\BOOKMARK [1][]{section.2.6}{\376\377\0002\000.\0006\000\040\000P\000o\000w\000i\001\005\000z\000a\000n\000e\000\040\000b\000a\000d\000a\000n\000i\000a}{chapter.2}% 17
\BOOKMARK [0][]{chapter.3}{\376\377\0003\000\040\000M\000e\000t\000o\000d\000y\000k\000a\000\040\000b\000a\000d\000a\000w\000c\000z\000a}{}% 18
\BOOKMARK [1][]{section.3.1}{\376\377\0003\000.\0001\000\040\000K\000r\000y\000t\000e\000r\000i\000a\000\040\000d\000o\000b\000o\000r\000u\000\040\000a\000p\000l\000i\000k\000a\000c\000j\000i}{chapter.3}% 19
\BOOKMARK [1][]{section.3.2}{\376\377\0003\000.\0002\000\040\001\132\000r\000o\000d\000o\000w\000i\000s\000k\000o\000\040\000t\000e\000s\000t\000o\000w\000e}{chapter.3}% 20
\BOOKMARK [1][]{section.3.3}{\376\377\0003\000.\0003\000\040\000P\000r\000o\000c\000e\000d\000u\000r\000a\000\040\000p\000r\000z\000e\000c\000h\000w\000y\000t\000y\000w\000a\000n\000i\000a}{chapter.3}% 21
\BOOKMARK [1][]{section.3.4}{\376\377\0003\000.\0004\000\040\000A\000u\000t\000o\000m\000a\000t\000y\000z\000a\000c\000j\000a\000\040\000i\000n\000t\000e\000r\000a\000k\000c\000j\000i}{chapter.3}% 22
\BOOKMARK [1][]{section.3.5}{\376\377\0003\000.\0005\000\040\000M\000o\000d\000e\000l\000\040\000d\000a\000n\000y\000c\000h\000\040\000i\000\040\000m\000e\000t\000r\000y\000k\000i}{chapter.3}% 23
\BOOKMARK [1][]{section.3.6}{\376\377\0003\000.\0006\000\040\000A\000n\000o\000n\000i\000m\000i\000z\000a\000c\000j\000a\000\040\000i\000\040\000e\000t\000y\000k\000a}{chapter.3}% 24
\BOOKMARK [1][]{section.3.7}{\376\377\0003\000.\0007\000\040\000W\000a\000l\000i\000d\000a\000c\000j\000a}{chapter.3}% 25
\BOOKMARK [0][]{chapter.4}{\376\377\0004\000\040\000A\000r\000c\000h\000i\000t\000e\000k\000t\000u\000r\000a\000\040\000r\000o\000z\000w\000i\001\005\000z\000a\000n\000i\000a}{}% 26
\BOOKMARK [1][]{section.4.1}{\376\377\0004\000.\0001\000\040\000P\000r\000z\000e\000g\000l\001\005\000d\000\040\000k\000o\000m\000p\000o\000n\000e\000n\000t\000\363\000w}{chapter.4}% 27
\BOOKMARK [1][]{section.4.2}{\376\377\0004\000.\0002\000\040\000D\000i\000a\000g\000r\000a\000m\000\040\000w\000y\000s\000o\000k\000o\000p\000o\000z\000i\000o\000m\000o\000w\000y}{chapter.4}% 28
\BOOKMARK [1][]{section.4.3}{\376\377\0004\000.\0003\000\040\000P\000r\000z\000e\000p\001\102\000y\000w\000\040\000d\000a\000n\000y\000c\000h\000\040\000\050\000E\000T\000L\000\051}{chapter.4}% 29
\BOOKMARK [1][]{section.4.4}{\376\377\0004\000.\0004\000\040\000S\000t\000r\000u\000k\000t\000u\000r\000a\000\040\000r\000e\000p\000o\000z\000y\000t\000o\000r\000i\000u\000m}{chapter.4}% 30
\BOOKMARK [1][]{section.4.5}{\376\377\0004\000.\0005\000\040\000M\000o\000d\000e\000l\000\040\000n\000o\000r\000m\000a\000l\000i\000z\000a\000c\000j\000i}{chapter.4}% 31
\BOOKMARK [1][]{section.4.6}{\376\377\0004\000.\0006\000\040\000R\000o\000z\000s\000z\000e\000r\000z\000a\000l\000n\000o\001\133\001\007}{chapter.4}% 32
\BOOKMARK [0][]{chapter.5}{\376\377\0005\000\040\000I\000m\000p\000l\000e\000m\000e\000n\000t\000a\000c\000j\000a}{}% 33
\BOOKMARK [1][]{section.5.1}{\376\377\0005\000.\0001\000\040\000M\000o\000d\000u\001\102\000\040\000p\000r\000z\000e\000c\000h\000w\000y\000t\000y\000w\000a\000n\000i\000a}{chapter.5}% 34
\BOOKMARK [1][]{section.5.2}{\376\377\0005\000.\0002\000\040\000H\000o\000o\000k\000i\000\040\000m\000i\000t\000m\000p\000r\000o\000x\000y}{chapter.5}% 35
\BOOKMARK [1][]{section.5.3}{\376\377\0005\000.\0003\000\040\000P\000a\000r\000s\000e\000r\000\040\000i\000\040\000n\000o\000r\000m\000a\000l\000i\000z\000a\000c\000j\000a}{chapter.5}% 36
\BOOKMARK [1][]{section.5.4}{\376\377\0005\000.\0004\000\040\000K\000l\000a\000s\000y\000f\000i\000k\000a\000c\000j\000a\000\040\000d\000o\000m\000e\000n}{chapter.5}% 37
\BOOKMARK [1][]{section.5.5}{\376\377\0005\000.\0005\000\040\000A\000g\000r\000e\000g\000a\000c\000j\000e\000\040\000i\000\040\000r\000a\000p\000o\000r\000t\000y}{chapter.5}% 38
\BOOKMARK [1][]{section.5.6}{\376\377\0005\000.\0006\000\040\000T\000e\000s\000t\000y}{chapter.5}% 39
\BOOKMARK [0][]{chapter.6}{\376\377\0006\000\040\000E\000k\000s\000p\000e\000r\000y\000m\000e\000n\000t\000y\000\040\000i\000\040\000w\000y\000n\000i\000k\000i}{}% 40
\BOOKMARK [1][]{section.6.1}{\376\377\0006\000.\0001\000\040\000P\000l\000a\000n\000\040\000e\000k\000s\000p\000e\000r\000y\000m\000e\000n\000t\000a\000l\000n\000y}{chapter.6}% 41
\BOOKMARK [1][]{section.6.2}{\376\377\0006\000.\0002\000\040\000C\000h\000a\000r\000a\000k\000t\000e\000r\000y\000s\000t\000y\000k\000a\000\040\000p\000r\000\363\000b\000e\000k}{chapter.6}% 42
\BOOKMARK [1][]{section.6.3}{\376\377\0006\000.\0003\000\040\000W\000y\000k\000o\000r\000z\000y\000s\000t\000a\000n\000i\000e\000\040\000p\000r\000o\000t\000o\000k\000o\001\102\000\363\000w}{chapter.6}% 43
\BOOKMARK [1][]{section.6.4}{\376\377\0006\000.\0004\000\040\000A\000n\000a\000l\000i\000z\000a\000\040\000d\000o\000m\000e\000n\000\040\000t\000r\000a\000c\000k\000i\000n\000g\000o\000w\000y\000c\000h}{chapter.6}% 44
\BOOKMARK [1][]{section.6.5}{\376\377\0006\000.\0005\000\040\000C\000z\000a\000s\000y\000\040\000o\000d\000p\000o\000w\000i\000e\000d\000z\000i\000\040\000i\000\040\000r\000o\000z\000m\000i\000a\000r\000y}{chapter.6}% 45
\BOOKMARK [1][]{section.6.6}{\376\377\0006\000.\0006\000\040\000O\000g\000r\000a\000n\000i\000c\000z\000e\000n\000i\000a}{chapter.6}% 46
\BOOKMARK [0][]{chapter.7}{\376\377\0007\000\040\000A\000s\000p\000e\000k\000t\000y\000\040\000b\000e\000z\000p\000i\000e\000c\000z\000e\001\104\000s\000t\000w\000a\000\040\000i\000\040\000p\000r\000y\000w\000a\000t\000n\000o\001\133\000c\000i}{}% 47
\BOOKMARK [1][]{section.7.1}{\376\377\0007\000.\0001\000\040\000S\000z\000y\000f\000r\000o\000w\000a\000n\000i\000e\000\040\000i\000\040\000w\000e\000r\000s\000j\000e\000\040\000T\000L\000S}{chapter.7}% 48
\BOOKMARK [1][]{section.7.2}{\376\377\0007\000.\0002\000\040\000C\000e\000r\000t\000i\000f\000i\000c\000a\000t\000e\000\040\000p\000i\000n\000n\000i\000n\000g}{chapter.7}% 49
\BOOKMARK [1][]{section.7.3}{\376\377\0007\000.\0003\000\040\000P\000o\000t\000e\000n\000c\000j\000a\000l\000n\000e\000\040\000w\000y\000c\000i\000e\000k\000i\000\040\000m\000e\000t\000a\000d\000a\000n\000y\000c\000h}{chapter.7}% 50
\BOOKMARK [1][]{section.7.4}{\376\377\0007\000.\0004\000\040\000D\000o\000m\000e\000n\000y\000\040\000t\000r\000a\000c\000k\000i\000n\000g\000o\000w\000e}{chapter.7}% 51
\BOOKMARK [1][]{section.7.5}{\376\377\0007\000.\0005\000\040\000I\000m\000p\000l\000i\000k\000a\000c\000j\000e}{chapter.7}% 52
\BOOKMARK [0][]{chapter.8}{\376\377\0008\000\040\000D\000y\000s\000k\000u\000s\000j\000a}{}% 53
\BOOKMARK [1][]{section.8.1}{\376\377\0008\000.\0001\000\040\000I\000n\000t\000e\000r\000p\000r\000e\000t\000a\000c\000j\000a\000\040\000w\000y\000n\000i\000k\000\363\000w}{chapter.8}% 54
\BOOKMARK [1][]{section.8.2}{\376\377\0008\000.\0002\000\040\000P\000o\000r\000\363\000w\000n\000a\000n\000i\000e\000\040\000z\000\040\000l\000i\000t\000e\000r\000a\000t\000u\000r\001\005}{chapter.8}% 55
\BOOKMARK [1][]{section.8.3}{\376\377\0008\000.\0003\000\040\000Z\000a\000g\000r\000o\001\174\000e\000n\000i\000a\000\040\000d\000l\000a\000\040\000w\000a\001\174\000n\000o\001\133\000c\000i}{chapter.8}% 56
\BOOKMARK [1][]{section.8.4}{\376\377\0008\000.\0004\000\040\000P\000e\000r\000s\000p\000e\000k\000t\000y\000w\000a\000\040\000p\000r\000a\000k\000t\000y\000c\000z\000n\000a}{chapter.8}% 57
\BOOKMARK [0][]{chapter.9}{\376\377\0009\000\040\000W\000n\000i\000o\000s\000k\000i\000\040\000i\000\040\000d\000a\000l\000s\000z\000e\000\040\000p\000r\000a\000c\000e}{}% 58
\BOOKMARK [1][]{section.9.1}{\376\377\0009\000.\0001\000\040\000P\000o\000d\000s\000u\000m\000o\000w\000a\000n\000i\000e}{chapter.9}% 59
\BOOKMARK [1][]{section.9.2}{\376\377\0009\000.\0002\000\040\000O\000d\000p\000o\000w\000i\000e\000d\000z\000i\000\040\000n\000a\000\040\000p\000y\000t\000a\000n\000i\000a\000\040\000b\000a\000d\000a\000w\000c\000z\000e}{chapter.9}% 60
\BOOKMARK [1][]{section.9.3}{\376\377\0009\000.\0003\000\040\000M\000o\001\174\000l\000i\000w\000e\000\040\000r\000o\000z\000s\000z\000e\000r\000z\000e\000n\000i\000a}{chapter.9}% 61
\BOOKMARK [0][]{section*.9}{\376\377\000B\000i\000b\000l\000i\000o\000g\000r\000a\000f\000i\000a}{}% 62
\BOOKMARK [0][]{appendix*.10}{\376\377\000D\000o\000d\000a\000t\000k\000o\000w\000e\000\040\000w\000y\000k\000r\000e\000s\000y}{}% 63
\BOOKMARK [0][]{appendix*.11}{\376\377\000K\000o\000n\000f\000i\000g\000u\000r\000a\000c\000j\000a\000\040\001\133\000r\000o\000d\000o\000w\000i\000s\000k\000a}{}% 64
\BOOKMARK [1][]{section*.12}{\376\377\000P\000a\000r\000a\000m\000e\000t\000r\000y\000\040\000m\000i\000t\000m\000p\000r\000o\000x\000y}{appendix*.11}% 65
\BOOKMARK [1][]{section*.13}{\376\377\000S\000k\000r\000y\000p\000t\000\040\000a\000u\000t\000o\000m\000a\000t\000y\000z\000a\000c\000j\000i\000\040\000A\000D\000B\000\040\000\050\000f\000r\000a\000g\000m\000e\000n\000t\000\051}{appendix*.11}% 66
\BOOKMARK [1][]{section*.14}{\376\377\000S\000t\000r\000u\000k\000t\000u\000r\000a\000\040\000k\000a\000t\000a\000l\000o\000g\000\363\000w\000\040\000d\000a\000n\000y\000c\000h}{appendix*.11}% 67
